Microchip MPLAB XC8 Compiler V2.10 ()

Linker command line:

-W-3 --edf=/Applications/microchip/xc8/v2.10/pic/dat/en_msgs.txt -cs \
  -h+dist/XC8_18F87K22_BUILD/production/pic18f16K20.X.production.sym \
  --cmf=dist/XC8_18F87K22_BUILD/production/pic18f16K20.X.production.cmf -z \
  -Q18F87K22 -o/tmp/xcDdFnN6m --defsym=__MPLAB_BUILD=1 \
  -Mdist/XC8_18F87K22_BUILD/production/pic18f16K20.X.production.map -E1 \
  -ver=XC8 --acfsm=1493 -ASTACK=019Eh-0F15h -pstack=STACK \
  -ACODE=00h-01FFFFh -ACONST=00h-01FFFFh -ASMALLCONST=01000h-010FFhx496 \
  -AMEDIUMCONST=01000h-0FFFFh,011000h-01FFFFh -ACOMRAM=01h-05Fh \
  -AABS1=00h-0F15h -ABIGRAM=01h-0F15h \
  -ARAM=060h-0FFh,0100h-01FFhx14,0F00h-0F15h -ABANK0=060h-0FFh \
  -ABANK1=0100h-01FFh -ABANK2=0200h-02FFh -ABANK3=0300h-03FFh \
  -ABANK4=0400h-04FFh -ABANK5=0500h-05FFh -ABANK6=0600h-06FFh \
  -ABANK7=0700h-07FFh -ABANK8=0800h-08FFh -ABANK9=0900h-09FFh \
  -ABANK10=0A00h-0AFFh -ABANK11=0B00h-0BFFh -ABANK12=0C00h-0CFFh \
  -ABANK13=0D00h-0DFFh -ABANK14=0E00h-0EFFh -ABANK15=0F00h-0F15h \
  -ASFR=0F16h-0F5Fh,0F60h-0FFFh \
  -preset_vec=00h,intcode=08h,intcodelo=018h,powerup,init -pramtop=01000h \
  -psmallconst=SMALLCONST -pmediumconst=MEDIUMCONST -pconst=CONST \
  -AFARRAM=00h-00h -ACONFIG=0300000h-030000Dh -pconfig=CONFIG \
  -AIDLOC=0200000h-0200007h -pidloc=IDLOC -AEEDATA=0F00000h-0F003FFh \
  -peeprom_data=EEDATA \
  -prdata=COMRAM,nvrram=COMRAM,nvbit=COMRAM,rbss=COMRAM,rbit=COMRAM \
  -pfarbss=FARRAM,fardata=FARRAM,nvFARRAM=FARRAM \
  -pintsave_regs=BIGRAM,bigbss=BIGRAM,bigdata=BIGRAM -pbss=RAM \
  -pidata=CODE,irdata=CODE,ibigdata=CODE,ifardata=CODE -prparam=COMRAM \
  /tmp/xc1L2MzgK.o \
  dist/XC8_18F87K22_BUILD/production/pic18f16K20.X.production.o 

Object code version is 3.11

Machine type is 18F87K22

Call graph: (short form)




                Name                               Link     Load   Length Selector   Space Scale
/tmp/xc1L2MzgK.o
                init                                 26       26        4        C       0
                reset_vec                             0        0        4        0       0
                idloc                            200000   200000        8   200000       0
                config                           300000   300000        E   300000       0
dist/XC8_18F87K22_BUILD/production/pic18f16K20.X.production.o
                intcodelo                            18       18        E        C       0
                intcode                               8        8        6        4       0
                temp                                 4E       4E        1        1       1
                smallconst                         1000     1000       6C      800       0
                intcode_body                       1982     1982        4      836       0
                text17                             1978     1978        A      836       0
                text16                             1474     1474       A4      836       0
                text15                             1518     1518       A2      836       0
                text14                             1964     1964       14      836       0
                text13                             194C     194C       18      836       0
                text12                             13CC     13CC       A8      836       0
                text11                             16DE     16DE       6A      836       0
                text10                             1852     1852       40      836       0
                text9                              1802     1802       50      836       0
                text8                              18F8     18F8       2E      836       0
                text7                              1658     1658       86      836       0
                text6                              17A6     17A6       5C      836       0
                text5                              1926     1926       26      836       0
                text4                              1892     1892       38      836       0
                text3                              1748     1748       5E      836       0
                text2                              131E     131E       AE      836       0
                text1                              122A     122A       F4      836       0
                text0                              106C     106C      1BE      836       0
                cstackCOMRAM                          1        1       4D        1       1
                cstackBANK0                          60       60       72       60       1
                dataBANK1                           100      100       9E      100       1
                cinit                              18CA     18CA       2E      836       0
                idataBANK1                         15BA     15BA       9E      836       0

TOTAL           Name                               Link     Load   Length     Space
        CLASS   STACK          

        CLASS   CODE           
                intcodelo                            18       18        E         0
                intcode                               8        8        6         0
                init                                 26       26        4         0
                reset_vec                             0        0        4         0
                intcode_body                       1982     1982        4         0
                text17                             1978     1978        A         0
                text16                             1474     1474       A4         0
                text15                             1518     1518       A2         0
                text14                             1964     1964       14         0
                text13                             194C     194C       18         0
                text12                             13CC     13CC       A8         0
                text11                             16DE     16DE       6A         0
                text10                             1852     1852       40         0
                text9                              1802     1802       50         0
                text8                              18F8     18F8       2E         0
                text7                              1658     1658       86         0
                text6                              17A6     17A6       5C         0
                text5                              1926     1926       26         0
                text4                              1892     1892       38         0
                text3                              1748     1748       5E         0
                text2                              131E     131E       AE         0
                text1                              122A     122A       F4         0
                text0                              106C     106C      1BE         0
                cinit                              18CA     18CA       2E         0
                idataBANK1                         15BA     15BA       9E         0

        CLASS   CONST          

        CLASS   SMALLCONST     
                smallconst                         1000     1000       6C         0

        CLASS   MEDIUMCONST    

        CLASS   COMRAM         
                temp                                 4E       4E        1         1
                cstackCOMRAM                          1        1       4D         1

        CLASS   ABS1           

        CLASS   BIGRAM         

        CLASS   RAM            

        CLASS   BANK0          
                cstackBANK0                          60       60       72         1

        CLASS   BANK1          
                dataBANK1                           100      100       9E         1

        CLASS   BANK2          

        CLASS   BANK3          

        CLASS   BANK4          

        CLASS   BANK5          

        CLASS   BANK6          

        CLASS   BANK7          

        CLASS   BANK8          

        CLASS   BANK9          

        CLASS   BANK10         

        CLASS   BANK11         

        CLASS   BANK12         

        CLASS   BANK13         

        CLASS   BANK14         

        CLASS   BANK15         

        CLASS   SFR            

        CLASS   FARRAM         

        CLASS   CONFIG         
                config                           300000   300000        E         0

        CLASS   IDLOC          
                idloc                            200000   200000        8         0

        CLASS   EEDATA         



SEGMENTS        Name                           Load    Length   Top    Selector   Space  Class

                dataBANK1                      000100  00009E  00019E       100       1  BANK1   
                text0                          00106C  00091A  001986       836       0  CODE    
                config                         300000  00000E  30000E    300000       0  CONFIG  
                reset_vec                      000000  000004  000004         0       0  CODE    
                intcode                        000008  000006  00000E         4       0  CODE    
                intcodelo                      000018  000012  00002A         C       0  CODE    
                smallconst                     001000  00006C  00106C       800       0  SMALLCON
                idloc                          200000  000008  200008    200000       0  IDLOC   
                cstackBANK0                    000060  000072  0000D2        60       1  BANK0   
                cstackCOMRAM                   000001  00004E  00004F         1       1  COMRAM  


UNUSED ADDRESS RANGES

        Name                Unused          Largest block    Delta
        BANK0            0000D2-0000FF               2E
        BANK1            00019E-0001FF               62
        BANK10           000A00-000AFF              100
        BANK11           000B00-000BFF              100
        BANK12           000C00-000CFF              100
        BANK13           000D00-000DFF              100
        BANK14           000E00-000EFF              100
        BANK15           000F00-000F15               16
        BANK2            000200-0002FF              100
        BANK3            000300-0003FF              100
        BANK4            000400-0004FF              100
        BANK5            000500-0005FF              100
        BANK6            000600-0006FF              100
        BANK7            000700-0007FF              100
        BANK8            000800-0008FF              100
        BANK9            000900-0009FF              100
        BIGRAM           00004F-00005F               11
                         0000D2-0000FF               2E
                         00019E-000F15              D78
        CODE             000004-000007                4
                         00000E-000017                A
                         00002A-000FFF              FD6
                         001986-01FFFF            1E67A
        COMRAM           00004F-00005F               11
        CONST            000004-000007                4
                         00000E-000017                A
                         00002A-000FFF              FD6
                         001986-01FFFF            1E67A
        EEDATA           F00000-F003FF              400
        MEDIUMCONST      001986-00FFFF             E67A
                         011000-01FFFF             F000
        RAM              0000D2-0000FF               2E
                         00019E-000F15              100
        SFR              000F16-000FFF               4A
        SMALLCONST       001986-01FFFF              100
        STACK            00019E-000F15              D78

                                  Symbol Table

?___lldiv                          cstackCOMRAM 000002
?___wmul                           cstackCOMRAM 000002
?_extractWord                      cstackCOMRAM 000012
?_getMorseCode                     cstackCOMRAM 000010
?_islower                          cstackCOMRAM 000002
?_strcat                           cstackCOMRAM 00000E
?_strlen                           cstackCOMRAM 000002
?_strncat                          cstackCOMRAM 000006
?_toupper                          cstackCOMRAM 000008
UART_Init@baudRate                 cstackCOMRAM 00000F
UART_RxString@ch                   cstackCOMRAM 000010
UART_RxString@ptr_stringPointer_u8 cstackCOMRAM 00000E
UART_TxChar@ch                     cstackCOMRAM 000002
UART_TxString@i                    cstackCOMRAM 00000C
UART_TxString@length               cstackCOMRAM 000008
UART_TxString@str                  cstackCOMRAM 000006
_BRGH                              (abs)        007D62
_ConfigureOscillator               text17       001978
_LATAbits                          (abs)        000F89
_OSCCONbits                        (abs)        000FD3
_RCIF                              (abs)        007CF5
_RCREG                             (abs)        000FAE
_RCSTA                             (abs)        000FAB
_SPBRG                             (abs)        000FAF
_TRISA                             (abs)        000F92
_TRISC                             (abs)        000F94
_TXIF                              (abs)        007CF4
_TXREG                             (abs)        000FAD
_TXSTA                             (abs)        000FAC
_UART_Init                         text15       001518
_UART_RxChar                       text14       001964
_UART_RxString                     text11       0016DE
_UART_TxChar                       text13       00194C
_UART_TxString                     text12       0013CC
__CFG_ABW$MM                       (abs)        000000
__CFG_BBSIZ$BB2K                   (abs)        000000
__CFG_BOREN$SBORDIS                (abs)        000000
__CFG_BORPWR$ZPBORMV               (abs)        000000
__CFG_BORV$3                       (abs)        000000
__CFG_BW$16                        (abs)        000000
__CFG_CCP2MX$PORTC                 (abs)        000000
__CFG_CP0$OFF                      (abs)        000000
__CFG_CP1$OFF                      (abs)        000000
__CFG_CP2$OFF                      (abs)        000000
__CFG_CP3$OFF                      (abs)        000000
__CFG_CP4$OFF                      (abs)        000000
__CFG_CP5$OFF                      (abs)        000000
__CFG_CP6$OFF                      (abs)        000000
__CFG_CP7$OFF                      (abs)        000000
__CFG_CPB$OFF                      (abs)        000000
__CFG_CPD$OFF                      (abs)        000000
__CFG_EASHFT$ON                    (abs)        000000
__CFG_EBRT0$OFF                    (abs)        000000
__CFG_EBRT1$OFF                    (abs)        000000
__CFG_EBRT2$OFF                    (abs)        000000
__CFG_EBRT3$OFF                    (abs)        000000
__CFG_EBRT4$OFF                    (abs)        000000
__CFG_EBRT5$OFF                    (abs)        000000
__CFG_EBRT6$OFF                    (abs)        000000
__CFG_EBRT7$OFF                    (abs)        000000
__CFG_EBRTB$OFF                    (abs)        000000
__CFG_ECCPMX$PORTE                 (abs)        000000
__CFG_FCMEN$OFF                    (abs)        000000
__CFG_FOSC$INTIO2                  (abs)        000000
__CFG_IESO$OFF                     (abs)        000000
__CFG_INTOSCSEL$HIGH               (abs)        000000
__CFG_MCLRE$ON                     (abs)        000000
__CFG_MSSPMSK$MSK7                 (abs)        000000
__CFG_PLLCFG$OFF                   (abs)        000000
__CFG_PWRTEN$OFF                   (abs)        000000
__CFG_RETEN$ON                     (abs)        000000
__CFG_RTCOSC$SOSCREF               (abs)        000000
__CFG_SOSCSEL$HIGH                 (abs)        000000
__CFG_STVREN$ON                    (abs)        000000
__CFG_WAIT$OFF                     (abs)        000000
__CFG_WDTEN$SWDTDIS                (abs)        000000
__CFG_WDTPS$1048576                (abs)        000000
__CFG_WRT0$OFF                     (abs)        000000
__CFG_WRT1$OFF                     (abs)        000000
__CFG_WRT2$OFF                     (abs)        000000
__CFG_WRT3$OFF                     (abs)        000000
__CFG_WRT4$OFF                     (abs)        000000
__CFG_WRT5$OFF                     (abs)        000000
__CFG_WRT6$OFF                     (abs)        000000
__CFG_WRT7$OFF                     (abs)        000000
__CFG_WRTB$OFF                     (abs)        000000
__CFG_WRTC$OFF                     (abs)        000000
__CFG_WRTD$OFF                     (abs)        000000
__CFG_XINST$OFF                    (abs)        000000
__HRAM                             (abs)        000000
__Habs1                            abs1         000000
__Hbank0                           bank0        000000
__Hbank1                           bank1        000000
__Hbank10                          bank10       000000
__Hbank11                          bank11       000000
__Hbank12                          bank12       000000
__Hbank13                          bank13       000000
__Hbank14                          bank14       000000
__Hbank15                          bank15       000000
__Hbank2                           bank2        000000
__Hbank3                           bank3        000000
__Hbank4                           bank4        000000
__Hbank5                           bank5        000000
__Hbank6                           bank6        000000
__Hbank7                           bank7        000000
__Hbank8                           bank8        000000
__Hbank9                           bank9        000000
__Hbigbss                          bigbss       000000
__Hbigdata                         bigdata      000000
__Hbigram                          bigram       000000
__Hbss                             bss          000000
__Hcinit                           cinit        000000
__Hclrtext                         clrtext      000000
__Hcomram                          comram       000000
__Hconfig                          config       30000E
__Hconst                           const        000000
__HcstackBANK0                     cstackBANK0  000000
__HcstackCOMRAM                    cstackCOMRAM 000000
__Hdata                            data         000000
__HdataBANK1                       dataBANK1    000000
__Heeprom_data                     eeprom_data  000000
__Hfarbss                          farbss       000000
__Hfardata                         fardata      000000
__Hibigdata                        ibigdata     000000
__Hidata                           idata        000000
__HidataBANK1                      idataBANK1   000000
__Hidloc                           idloc        200008
__Hifardata                        ifardata     000000
__Hinit                            init         00002A
__Hintcode                         intcode      00000E
__Hintcode_body                    intcode_body 000000
__Hintcodelo                       intcodelo    000026
__Hintentry                        intentry     000000
__Hintret                          intret       000000
__Hintsave_regs                    intsave_regs 000000
__Hirdata                          irdata       000000
__Hmediumconst                     mediumconst  000000
__HnvFARRAM                        nvFARRAM     000000
__Hnvbit                           nvbit        000000
__Hnvrram                          nvrram       000000
__Hparam                           rparam       000000
__Hpowerup                         powerup      000026
__Hram                             ram          000000
__Hramtop                          ramtop       001000
__Hrbit                            rbit         000000
__Hrbss                            rbss         000000
__Hrdata                           rdata        000000
__Hreset_vec                       reset_vec    000004
__Hrparam                          rparam       000000
__Hsfr                             sfr          000000
__Hsmallconst                      smallconst   00106C
__Hspace_0                         (abs)        30000E
__Hspace_1                         (abs)        00019E
__Hspace_2                         (abs)        000000
__Hstack                           stack        000000
__Hstruct                          struct       000000
__Htemp                            temp         00004F
__Htext                            text         000000
__Htext0                           text0        000000
__Htext1                           text1        000000
__Htext10                          text10       000000
__Htext11                          text11       000000
__Htext12                          text12       000000
__Htext13                          text13       000000
__Htext14                          text14       000000
__Htext15                          text15       000000
__Htext16                          text16       000000
__Htext17                          text17       000000
__Htext2                           text2        000000
__Htext3                           text3        000000
__Htext4                           text4        000000
__Htext5                           text5        000000
__Htext6                           text6        000000
__Htext7                           text7        000000
__Htext8                           text8        000000
__Htext9                           text9        000000
__LRAM                             (abs)        000001
__Labs1                            abs1         000000
__Lbank0                           bank0        000000
__Lbank1                           bank1        000000
__Lbank10                          bank10       000000
__Lbank11                          bank11       000000
__Lbank12                          bank12       000000
__Lbank13                          bank13       000000
__Lbank14                          bank14       000000
__Lbank15                          bank15       000000
__Lbank2                           bank2        000000
__Lbank3                           bank3        000000
__Lbank4                           bank4        000000
__Lbank5                           bank5        000000
__Lbank6                           bank6        000000
__Lbank7                           bank7        000000
__Lbank8                           bank8        000000
__Lbank9                           bank9        000000
__Lbigbss                          bigbss       000000
__Lbigdata                         bigdata      000000
__Lbigram                          bigram       000000
__Lbss                             bss          000000
__Lcinit                           cinit        000000
__Lclrtext                         clrtext      000000
__Lcomram                          comram       000000
__Lconfig                          config       300000
__Lconst                           const        000000
__LcstackBANK0                     cstackBANK0  000000
__LcstackCOMRAM                    cstackCOMRAM 000000
__Ldata                            data         000000
__LdataBANK1                       dataBANK1    000000
__Leeprom_data                     eeprom_data  000000
__Lfarbss                          farbss       000000
__Lfardata                         fardata      000000
__Libigdata                        ibigdata     000000
__Lidata                           idata        000000
__LidataBANK1                      idataBANK1   000000
__Lidloc                           idloc        200000
__Lifardata                        ifardata     000000
__Linit                            init         000026
__Lintcode                         intcode      000008
__Lintcode_body                    intcode_body 000000
__Lintcodelo                       intcodelo    000018
__Lintentry                        intentry     000000
__Lintret                          intret       000000
__Lintsave_regs                    intsave_regs 000000
__Lirdata                          irdata       000000
__Lmediumconst                     mediumconst  000000
__LnvFARRAM                        nvFARRAM     000000
__Lnvbit                           nvbit        000000
__Lnvrram                          nvrram       000000
__Lparam                           rparam       000000
__Lpowerup                         powerup      000026
__Lram                             ram          000000
__Lramtop                          ramtop       001000
__Lrbit                            rbit         000000
__Lrbss                            rbss         000000
__Lrdata                           rdata        000000
__Lreset_vec                       reset_vec    000000
__Lrparam                          rparam       000000
__Lsfr                             sfr          000000
__Lsmallconst                      smallconst   001000
__Lspace_0                         (abs)        000000
__Lspace_1                         (abs)        000000
__Lspace_2                         (abs)        000000
__Lstack                           stack        000000
__Lstruct                          struct       000000
__Ltemp                            temp         00004E
__Ltext                            text         000000
__Ltext0                           text0        000000
__Ltext1                           text1        000000
__Ltext10                          text10       000000
__Ltext11                          text11       000000
__Ltext12                          text12       000000
__Ltext13                          text13       000000
__Ltext14                          text14       000000
__Ltext15                          text15       000000
__Ltext16                          text16       000000
__Ltext17                          text17       000000
__Ltext2                           text2        000000
__Ltext3                           text3        000000
__Ltext4                           text4        000000
__Ltext5                           text5        000000
__Ltext6                           text6        000000
__Ltext7                           text7        000000
__Ltext8                           text8        000000
__Ltext9                           text9        000000
__S0                               (abs)        30000E
__S1                               (abs)        00019E
__S2                               (abs)        000000
___extmem_base                     (abs)        020000
___inthi_sp                        stack        000000
___intlo_sp                        stack        000000
___lldiv                           text16       001474
___lldiv@counter                   cstackCOMRAM 00000E
___lldiv@dividend                  cstackCOMRAM 000002
___lldiv@divisor                   cstackCOMRAM 000006
___lldiv@quotient                  cstackCOMRAM 00000A
___param_bank                      (abs)        000000
___rparam_used                     (abs)        000001
___sp                              stack        000000
___wmul                            text5        001926
___wmul@multiplicand               cstackCOMRAM 000004
___wmul@multiplier                 cstackCOMRAM 000002
___wmul@product                    cstackCOMRAM 000006
__accesstop                        (abs)        000060
__activetblptr                     (abs)        000002
__end_of_ConfigureOscillator       text17       001982
__end_of_UART_Init                 text15       0015BA
__end_of_UART_RxChar               text14       001978
__end_of_UART_RxString             text11       001748
__end_of_UART_TxChar               text13       001964
__end_of_UART_TxString             text12       001474
__end_of___lldiv                   text16       001518
__end_of___wmul                    text5        00194C
__end_of__initialization           cinit        0018EA
__end_of_extractWord               text6        001802
__end_of_getMorseCode              text2        0013CC
__end_of_high_isr                  intcode_body 001986
__end_of_islower                   text4        0018CA
__end_of_low_isr                   intcodelo    000026
__end_of_main                      text0        00122A
__end_of_morseLED                  text1        00131E
__end_of_morse_dash_speed          smallconst   001003
__end_of_morse_dot_speed           smallconst   001005
__end_of_strcat                    text8        001926
__end_of_strcpy                    text10       001892
__end_of_strlen                    text9        001852
__end_of_strncat                   text7        0016DE
__end_of_toupper                   text3        0017A6
__initialization                   cinit        0018CA
__mediumconst                      mediumconst  000000
__pcinit                           cinit        0018CA
__pcstackBANK0                     cstackBANK0  000060
__pcstackCOMRAM                    cstackCOMRAM 000001
__pdataBANK1                       dataBANK1    000100
__pidataBANK1                      idataBANK1   0015BA
__pintcode                         intcode      000008
__pintcode_body                    intcode_body 001982
__pintcodelo                       intcodelo    000018
__psmallconst                      smallconst   001000
__ptext0                           text0        00106C
__ptext1                           text1        00122A
__ptext10                          text10       001852
__ptext11                          text11       0016DE
__ptext12                          text12       0013CC
__ptext13                          text13       00194C
__ptext14                          text14       001964
__ptext15                          text15       001518
__ptext16                          text16       001474
__ptext17                          text17       001978
__ptext2                           text2        00131E
__ptext3                           text3        001748
__ptext4                           text4        001892
__ptext5                           text5        001926
__ptext6                           text6        0017A6
__ptext7                           text7        001658
__ptext8                           text8        0018F8
__ptext9                           text9        001802
__ramtop                           ramtop       001000
__size_of_ConfigureOscillator      (abs)        000000
__size_of_UART_Init                (abs)        000000
__size_of_UART_RxChar              (abs)        000000
__size_of_UART_RxString            (abs)        000000
__size_of_UART_TxChar              (abs)        000000
__size_of_UART_TxString            (abs)        000000
__size_of___lldiv                  (abs)        000000
__size_of___wmul                   (abs)        000000
__size_of_extractWord              (abs)        000000
__size_of_getMorseCode             (abs)        000000
__size_of_high_isr                 (abs)        000000
__size_of_islower                  (abs)        000000
__size_of_low_isr                  (abs)        000000
__size_of_main                     (abs)        000000
__size_of_morseLED                 (abs)        000000
__size_of_strcat                   (abs)        000000
__size_of_strcpy                   (abs)        000000
__size_of_strlen                   (abs)        000000
__size_of_strncat                  (abs)        000000
__size_of_toupper                  (abs)        000000
__smallconst                       smallconst   001000
_extractWord                       text6        0017A6
_getMorseCode                      text2        00131E
_high_isr                          intcode      000008
_islower                           text4        001892
_low_isr                           intcodelo    000018
_main                              text0        00106C
_mcodes                            dataBANK1    000100
_morseLED                          text1        00122A
_strcat                            text8        0018F8
_strcpy                            text10       001852
_strlen                            text9        001802
_strncat                           text7        001658
_toupper                           text3        001748
_toupper$740                       cstackCOMRAM 00000E
btemp                              temp         00004E
end_of_initialization              cinit        0018EA
extractWord@F7059                  dataBANK1    00016C
extractWord@i                      cstackCOMRAM 000014
extractWord@j                      cstackCOMRAM 000016
extractWord@morsetext              cstackCOMRAM 000012
extractWord@p                      cstackCOMRAM 00004A
extractWord@portion                cstackCOMRAM 000018
getMorseCode@i                     cstackCOMRAM 000017
getMorseCode@len                   cstackCOMRAM 000013
getMorseCode@letter                cstackCOMRAM 000015
getMorseCode@uppercaseLetter       cstackCOMRAM 000016
int$flags                          temp         00004E
int_func                           intcode_body 001982
intlevel0                          text         000000
intlevel1                          text         000000
intlevel2                          text         000000
intlevel3                          text         000000
islower@c                          cstackCOMRAM 000002
main@code_221                      cstackBANK0  0000CE
main@i                             cstackBANK0  0000D0
main@j                             cstackBANK0  0000CC
main@l                             cstackBANK0  0000C6
main@morsetext                     cstackBANK0  000060
main@word                          cstackBANK0  0000C8
main@word_224                      cstackBANK0  0000CA
morseLED@code                      cstackCOMRAM 000006
morseLED@i                         cstackCOMRAM 00000C
morseLED@l                         cstackCOMRAM 00000A
stackhi                            (abs)        000F15
stacklo                            (abs)        00019E
start                              init         000026
start_initialization               cinit        0018CA
strcat@dest                        cstackCOMRAM 00000E
strcat@src                         cstackCOMRAM 000010
strcpy@d                           cstackCOMRAM 00000C
strcpy@dest                        cstackCOMRAM 000006
strcpy@s                           cstackCOMRAM 00000A
strcpy@src                         cstackCOMRAM 000008
strlen@a                           cstackCOMRAM 000004
strlen@s                           cstackCOMRAM 000002
strncat@a                          cstackCOMRAM 00000C
strncat@d                          cstackCOMRAM 000006
strncat@n                          cstackCOMRAM 00000A
strncat@s                          cstackCOMRAM 000008
toupper@c                          cstackCOMRAM 000008
ttemp5                             temp         00004F
ttemp6                             temp         000052
ttemp7                             temp         000056
wtemp8                             temp         00004F


FUNCTION INFORMATION:

 *************** function _main *****************
 Defined at:
		line 182 in file "main.c"
 Parameters:    Size  Location     Type
		None
 Auto vars:     Size  Location     Type
  word            2  104[BANK0 ] PTR unsigned char 
		 -> extractWord@portion(50), 
  code            2  110[BANK0 ] PTR unsigned char 
		 -> STR_39(1), STR_36(6), STR_35(6), STR_34(6), 
		 -> STR_33(6), STR_32(6), STR_31(6), STR_30(6), 
		 -> STR_29(6), STR_28(6), STR_27(6), STR_26(5), 
		 -> STR_25(5), STR_24(5), STR_23(4), STR_22(5), 
		 -> STR_21(4), STR_20(2), STR_19(4), STR_18(4), 
		 -> STR_17(5), STR_16(5), STR_15(4), STR_14(3), 
		 -> STR_13(3), STR_12(5), STR_11(4), STR_10(5), 
		 -> STR_9(3), STR_8(5), STR_7(4), STR_6(5), 
		 -> STR_5(2), STR_4(4), STR_3(5), STR_2(5), 
		 -> STR_1(3), 
  i               2  112[BANK0 ] int 
  morsetext     100    0[BANK0 ] unsigned char [100]
  j               2  108[BANK0 ] int 
  word            2  106[BANK0 ] PTR unsigned char 
		 -> extractWord@portion(50), 
  l               2  102[BANK0 ] int 
  code            2    0        PTR unsigned char 
		 -> STR_39(1), STR_36(6), STR_35(6), STR_34(6), 
		 -> STR_33(6), STR_32(6), STR_31(6), STR_30(6), 
		 -> STR_29(6), STR_28(6), STR_27(6), STR_26(5), 
		 -> STR_25(5), STR_24(5), STR_23(4), STR_22(5), 
		 -> STR_21(4), STR_20(2), STR_19(4), STR_18(4), 
		 -> STR_17(5), STR_16(5), STR_15(4), STR_14(3), 
		 -> STR_13(3), STR_12(5), STR_11(4), STR_10(5), 
		 -> STR_9(3), STR_8(5), STR_7(4), STR_6(5), 
		 -> STR_5(2), STR_4(4), STR_3(5), STR_2(5), 
		 -> STR_1(3), 
 Return value:  Size  Location     Type
                  1    wreg      void 
 Registers used:
		wreg, fsr0l, fsr0h, fsr1l, fsr1h, fsr2l, fsr2h, status,2, status,0, tblptrl, tblptrh, tblptru, prodl, prodh, cstack
 Tracked objects:
		On entry : 
		On exit  : 
		Unchanged: 
 Data sizes:     COMRAM   BANK0   BANK1   BANK2   BANK3   BANK4   BANK5   BANK6   BANK7   BANK8   BANK9  BANK10  BANK11  BANK12  BANK13  BANK14  BANK15
      Params:         0       0       0       0       0       0       0       0       0       0       0       0       0       0       0       0       0
      Locals:         0     114       0       0       0       0       0       0       0       0       0       0       0       0       0       0       0
      Temps:          2       0       0       0       0       0       0       0       0       0       0       0       0       0       0       0       0
      Totals:         2     114       0       0       0       0       0       0       0       0       0       0       0       0       0       0       0
Total ram usage:      116 bytes
 Hardware stack levels required when called:    5
 This function calls:
		_ConfigureOscillator
		_UART_Init
		_UART_RxString
		_UART_TxString
		_extractWord
		_getMorseCode
		_morseLED
		_strlen
 This function is called by:
		Startup code after reset
 This function uses a non-reentrant model


 *************** function _morseLED *****************
 Defined at:
		line 144 in file "main.c"
 Parameters:    Size  Location     Type
  code            2    5[COMRAM] PTR unsigned char 
		 -> STR_39(1), STR_36(6), STR_35(6), STR_34(6), 
		 -> STR_33(6), STR_32(6), STR_31(6), STR_30(6), 
		 -> STR_29(6), STR_28(6), STR_27(6), STR_26(5), 
		 -> STR_25(5), STR_24(5), STR_23(4), STR_22(5), 
		 -> STR_21(4), STR_20(2), STR_19(4), STR_18(4), 
		 -> STR_17(5), STR_16(5), STR_15(4), STR_14(3), 
		 -> STR_13(3), STR_12(5), STR_11(4), STR_10(5), 
		 -> STR_9(3), STR_8(5), STR_7(4), STR_6(5), 
		 -> STR_5(2), STR_4(4), STR_3(5), STR_2(5), 
		 -> STR_1(3), 
 Auto vars:     Size  Location     Type
  i               2   11[COMRAM] int 
  l               2    9[COMRAM] int 
 Return value:  Size  Location     Type
                  1    wreg      void 
 Registers used:
		wreg, fsr0l, fsr0h, status,2, status,0, tblptrl, tblptrh, tblptru, cstack
 Tracked objects:
		On entry : 
		On exit  : 
		Unchanged: 
 Data sizes:     COMRAM   BANK0   BANK1   BANK2   BANK3   BANK4   BANK5   BANK6   BANK7   BANK8   BANK9  BANK10  BANK11  BANK12  BANK13  BANK14  BANK15
      Params:         2       0       0       0       0       0       0       0       0       0       0       0       0       0       0       0       0
      Locals:         4       0       0       0       0       0       0       0       0       0       0       0       0       0       0       0       0
      Temps:          2       0       0       0       0       0       0       0       0       0       0       0       0       0       0       0       0
      Totals:         8       0       0       0       0       0       0       0       0       0       0       0       0       0       0       0       0
Total ram usage:        8 bytes
 Hardware stack levels used:    1
 Hardware stack levels required when called:    3
 This function calls:
		_strlen
 This function is called by:
		_main
 This function uses a non-reentrant model


 *************** function _getMorseCode *****************
 Defined at:
		line 167 in file "main.c"
 Parameters:    Size  Location     Type
  letter          1    wreg     unsigned char 
 Auto vars:     Size  Location     Type
  letter          1   20[COMRAM] unsigned char 
  i               2   22[COMRAM] int 
  len             2   18[COMRAM] int 
  uppercaseLet    1   21[COMRAM] unsigned char 
 Return value:  Size  Location     Type
                  2   15[COMRAM] PTR unsigned char 
 Registers used:
		wreg, fsr2l, fsr2h, status,2, status,0, prodl, prodh, cstack
 Tracked objects:
		On entry : 
		On exit  : 
		Unchanged: 
 Data sizes:     COMRAM   BANK0   BANK1   BANK2   BANK3   BANK4   BANK5   BANK6   BANK7   BANK8   BANK9  BANK10  BANK11  BANK12  BANK13  BANK14  BANK15
      Params:         2       0       0       0       0       0       0       0       0       0       0       0       0       0       0       0       0
      Locals:         6       0       0       0       0       0       0       0       0       0       0       0       0       0       0       0       0
      Temps:          1       0       0       0       0       0       0       0       0       0       0       0       0       0       0       0       0
      Totals:         9       0       0       0       0       0       0       0       0       0       0       0       0       0       0       0       0
Total ram usage:        9 bytes
 Hardware stack levels used:    1
 Hardware stack levels required when called:    4
 This function calls:
		___wmul
		_toupper
 This function is called by:
		_main
 This function uses a non-reentrant model


 *************** function _toupper *****************
 Defined at:
		line 4 in file "/Applications/microchip/xc8/v2.10/pic/sources/c99/common/toupper.c"
 Parameters:    Size  Location     Type
  c               2    7[COMRAM] int 
 Auto vars:     Size  Location     Type
		None
 Return value:  Size  Location     Type
                  2    7[COMRAM] int 
 Registers used:
		wreg, status,2, status,0
 Tracked objects:
		On entry : 
		On exit  : 
		Unchanged: 
 Data sizes:     COMRAM   BANK0   BANK1   BANK2   BANK3   BANK4   BANK5   BANK6   BANK7   BANK8   BANK9  BANK10  BANK11  BANK12  BANK13  BANK14  BANK15
      Params:         2       0       0       0       0       0       0       0       0       0       0       0       0       0       0       0       0
      Locals:         2       0       0       0       0       0       0       0       0       0       0       0       0       0       0       0       0
      Temps:          4       0       0       0       0       0       0       0       0       0       0       0       0       0       0       0       0
      Totals:         8       0       0       0       0       0       0       0       0       0       0       0       0       0       0       0       0
Total ram usage:        8 bytes
 Hardware stack levels used:    1
 Hardware stack levels required when called:    3
 This function calls:
		_islower
 This function is called by:
		_getMorseCode
 This function uses a non-reentrant model


 *************** function _islower *****************
 Defined at:
		line 5 in file "/Applications/microchip/xc8/v2.10/pic/sources/c99/common/islower.c"
 Parameters:    Size  Location     Type
  c               2    1[COMRAM] int 
 Auto vars:     Size  Location     Type
		None
 Return value:  Size  Location     Type
                  2    1[COMRAM] int 
 Registers used:
		wreg, status,2, status,0
 Tracked objects:
		On entry : 
		On exit  : 
		Unchanged: 
 Data sizes:     COMRAM   BANK0   BANK1   BANK2   BANK3   BANK4   BANK5   BANK6   BANK7   BANK8   BANK9  BANK10  BANK11  BANK12  BANK13  BANK14  BANK15
      Params:         2       0       0       0       0       0       0       0       0       0       0       0       0       0       0       0       0
      Locals:         0       0       0       0       0       0       0       0       0       0       0       0       0       0       0       0       0
      Temps:          4       0       0       0       0       0       0       0       0       0       0       0       0       0       0       0       0
      Totals:         6       0       0       0       0       0       0       0       0       0       0       0       0       0       0       0       0
Total ram usage:        6 bytes
 Hardware stack levels used:    1
 Hardware stack levels required when called:    2
 This function calls:
		Nothing
 This function is called by:
		_toupper
 This function uses a non-reentrant model


 *************** function ___wmul *****************
 Defined at:
		line 15 in file "/Applications/microchip/xc8/v2.10/pic/sources/c99/common/Umul16.c"
 Parameters:    Size  Location     Type
  multiplier      2    1[COMRAM] unsigned int 
  multiplicand    2    3[COMRAM] unsigned int 
 Auto vars:     Size  Location     Type
  product         2    5[COMRAM] unsigned int 
 Return value:  Size  Location     Type
                  2    1[COMRAM] unsigned int 
 Registers used:
		wreg, status,2, status,0, prodl, prodh
 Tracked objects:
		On entry : 
		On exit  : 
		Unchanged: 
 Data sizes:     COMRAM   BANK0   BANK1   BANK2   BANK3   BANK4   BANK5   BANK6   BANK7   BANK8   BANK9  BANK10  BANK11  BANK12  BANK13  BANK14  BANK15
      Params:         4       0       0       0       0       0       0       0       0       0       0       0       0       0       0       0       0
      Locals:         2       0       0       0       0       0       0       0       0       0       0       0       0       0       0       0       0
      Temps:          0       0       0       0       0       0       0       0       0       0       0       0       0       0       0       0       0
      Totals:         6       0       0       0       0       0       0       0       0       0       0       0       0       0       0       0       0
Total ram usage:        6 bytes
 Hardware stack levels used:    1
 Hardware stack levels required when called:    2
 This function calls:
		Nothing
 This function is called by:
		_getMorseCode
 This function uses a non-reentrant model


 *************** function _extractWord *****************
 Defined at:
		line 160 in file "main.c"
 Parameters:    Size  Location     Type
  morsetext       2   17[COMRAM] PTR unsigned char 
		 -> main@morsetext(100), 
  i               2   19[COMRAM] int 
  j               2   21[COMRAM] int 
 Auto vars:     Size  Location     Type
  portion        50   23[COMRAM] unsigned char [50]
  p               2   73[COMRAM] PTR unsigned char 
		 -> extractWord@portion(50), 
 Return value:  Size  Location     Type
                  2   17[COMRAM] PTR unsigned char 
 Registers used:
		wreg, fsr0l, fsr0h, fsr1l, fsr1h, fsr2l, fsr2h, status,2, status,0, tblptrl, tblptrh, tblptru, cstack
 Tracked objects:
		On entry : 
		On exit  : 
		Unchanged: 
 Data sizes:     COMRAM   BANK0   BANK1   BANK2   BANK3   BANK4   BANK5   BANK6   BANK7   BANK8   BANK9  BANK10  BANK11  BANK12  BANK13  BANK14  BANK15
      Params:         6       0       0       0       0       0       0       0       0       0       0       0       0       0       0       0       0
      Locals:        52       0       0       0       0       0       0       0       0       0       0       0       0       0       0       0       0
      Temps:          0       0       0       0       0       0       0       0       0       0       0       0       0       0       0       0       0
      Totals:        58       0       0       0       0       0       0       0       0       0       0       0       0       0       0       0       0
Total ram usage:       58 bytes
 Hardware stack levels used:    1
 Hardware stack levels required when called:    4
 This function calls:
		_strcat
		_strncat
 This function is called by:
		_main
 This function uses a non-reentrant model


 *************** function _strncat *****************
 Defined at:
		line 3 in file "/Applications/microchip/xc8/v2.10/pic/sources/c99/common/strncat.c"
 Parameters:    Size  Location     Type
  d               2    5[COMRAM] PTR unsigned char 
		 -> extractWord@portion(50), 
  s               2    7[COMRAM] PTR const unsigned char 
		 -> main@morsetext(100), 
  n               2    9[COMRAM] unsigned int 
 Auto vars:     Size  Location     Type
  a               2   11[COMRAM] PTR unsigned char 
		 -> extractWord@portion(50), 
 Return value:  Size  Location     Type
                  2    5[COMRAM] PTR unsigned char 
 Registers used:
		wreg, fsr0l, fsr0h, fsr1l, fsr1h, fsr2l, fsr2h, status,2, status,0, tblptrl, tblptrh, tblptru, cstack
 Tracked objects:
		On entry : 
		On exit  : 
		Unchanged: 
 Data sizes:     COMRAM   BANK0   BANK1   BANK2   BANK3   BANK4   BANK5   BANK6   BANK7   BANK8   BANK9  BANK10  BANK11  BANK12  BANK13  BANK14  BANK15
      Params:         6       0       0       0       0       0       0       0       0       0       0       0       0       0       0       0       0
      Locals:         2       0       0       0       0       0       0       0       0       0       0       0       0       0       0       0       0
      Temps:          0       0       0       0       0       0       0       0       0       0       0       0       0       0       0       0       0
      Totals:         8       0       0       0       0       0       0       0       0       0       0       0       0       0       0       0       0
Total ram usage:        8 bytes
 Hardware stack levels used:    1
 Hardware stack levels required when called:    3
 This function calls:
		_strlen
 This function is called by:
		_extractWord
 This function uses a non-reentrant model


 *************** function _strcat *****************
 Defined at:
		line 3 in file "/Applications/microchip/xc8/v2.10/pic/sources/c99/common/strcat.c"
 Parameters:    Size  Location     Type
  dest            2   13[COMRAM] PTR unsigned char 
		 -> extractWord@portion(50), 
  src             2   15[COMRAM] PTR const unsigned char 
		 -> STR_38(3), 
 Auto vars:     Size  Location     Type
		None
 Return value:  Size  Location     Type
                  2   13[COMRAM] PTR unsigned char 
 Registers used:
		wreg, fsr0l, fsr0h, fsr2l, fsr2h, status,2, status,0, tblptrl, tblptrh, tblptru, cstack
 Tracked objects:
		On entry : 
		On exit  : 
		Unchanged: 
 Data sizes:     COMRAM   BANK0   BANK1   BANK2   BANK3   BANK4   BANK5   BANK6   BANK7   BANK8   BANK9  BANK10  BANK11  BANK12  BANK13  BANK14  BANK15
      Params:         4       0       0       0       0       0       0       0       0       0       0       0       0       0       0       0       0
      Locals:         0       0       0       0       0       0       0       0       0       0       0       0       0       0       0       0       0
      Temps:          0       0       0       0       0       0       0       0       0       0       0       0       0       0       0       0       0
      Totals:         4       0       0       0       0       0       0       0       0       0       0       0       0       0       0       0       0
Total ram usage:        4 bytes
 Hardware stack levels used:    1
 Hardware stack levels required when called:    3
 This function calls:
		_strcpy
		_strlen
 This function is called by:
		_extractWord
 This function uses a non-reentrant model


 *************** function _strlen *****************
 Defined at:
		line 5 in file "/Applications/microchip/xc8/v2.10/pic/sources/c99/common/strlen.c"
 Parameters:    Size  Location     Type
  s               2    1[COMRAM] PTR const unsigned char 
		 -> main@morsetext(100), STR_39(1), extractWord@portion(50), STR_36(6), 
		 -> STR_35(6), STR_34(6), STR_33(6), STR_32(6), 
		 -> STR_31(6), STR_30(6), STR_29(6), STR_28(6), 
		 -> STR_27(6), STR_26(5), STR_25(5), STR_24(5), 
		 -> STR_23(4), STR_22(5), STR_21(4), STR_20(2), 
		 -> STR_19(4), STR_18(4), STR_17(5), STR_16(5), 
		 -> STR_15(4), STR_14(3), STR_13(3), STR_12(5), 
		 -> STR_11(4), STR_10(5), STR_9(3), STR_8(5), 
		 -> STR_7(4), STR_6(5), STR_5(2), STR_4(4), 
		 -> STR_3(5), STR_2(5), STR_1(3), 
 Auto vars:     Size  Location     Type
  a               2    3[COMRAM] PTR const unsigned char 
		 -> main@morsetext(100), STR_39(1), extractWord@portion(50), STR_36(6), 
		 -> STR_35(6), STR_34(6), STR_33(6), STR_32(6), 
		 -> STR_31(6), STR_30(6), STR_29(6), STR_28(6), 
		 -> STR_27(6), STR_26(5), STR_25(5), STR_24(5), 
		 -> STR_23(4), STR_22(5), STR_21(4), STR_20(2), 
		 -> STR_19(4), STR_18(4), STR_17(5), STR_16(5), 
		 -> STR_15(4), STR_14(3), STR_13(3), STR_12(5), 
		 -> STR_11(4), STR_10(5), STR_9(3), STR_8(5), 
		 -> STR_7(4), STR_6(5), STR_5(2), STR_4(4), 
		 -> STR_3(5), STR_2(5), STR_1(3), 
 Return value:  Size  Location     Type
                  2    1[COMRAM] unsigned int 
 Registers used:
		wreg, fsr0l, fsr0h, status,2, status,0, tblptrl, tblptrh, tblptru
 Tracked objects:
		On entry : 
		On exit  : 
		Unchanged: 
 Data sizes:     COMRAM   BANK0   BANK1   BANK2   BANK3   BANK4   BANK5   BANK6   BANK7   BANK8   BANK9  BANK10  BANK11  BANK12  BANK13  BANK14  BANK15
      Params:         2       0       0       0       0       0       0       0       0       0       0       0       0       0       0       0       0
      Locals:         2       0       0       0       0       0       0       0       0       0       0       0       0       0       0       0       0
      Temps:          0       0       0       0       0       0       0       0       0       0       0       0       0       0       0       0       0
      Totals:         4       0       0       0       0       0       0       0       0       0       0       0       0       0       0       0       0
Total ram usage:        4 bytes
 Hardware stack levels used:    1
 Hardware stack levels required when called:    2
 This function calls:
		Nothing
 This function is called by:
		_morseLED
		_main
		_strcat
		_strncat
 This function uses a non-reentrant model


 *************** function _strcpy *****************
 Defined at:
		line 3 in file "/Applications/microchip/xc8/v2.10/pic/sources/c99/common/strcpy.c"
 Parameters:    Size  Location     Type
  dest            2    5[COMRAM] PTR unsigned char 
		 -> extractWord@portion(50), 
  src             2    7[COMRAM] PTR const unsigned char 
		 -> STR_38(3), 
 Auto vars:     Size  Location     Type
  d               2   11[COMRAM] PTR unsigned char 
		 -> extractWord@portion(50), 
  s               2    9[COMRAM] PTR const unsigned char 
		 -> STR_38(3), 
 Return value:  Size  Location     Type
                  2    5[COMRAM] PTR unsigned char 
 Registers used:
		wreg, fsr2l, fsr2h, status,2, status,0, tblptrl, tblptrh, tblptru
 Tracked objects:
		On entry : 
		On exit  : 
		Unchanged: 
 Data sizes:     COMRAM   BANK0   BANK1   BANK2   BANK3   BANK4   BANK5   BANK6   BANK7   BANK8   BANK9  BANK10  BANK11  BANK12  BANK13  BANK14  BANK15
      Params:         4       0       0       0       0       0       0       0       0       0       0       0       0       0       0       0       0
      Locals:         4       0       0       0       0       0       0       0       0       0       0       0       0       0       0       0       0
      Temps:          0       0       0       0       0       0       0       0       0       0       0       0       0       0       0       0       0
      Totals:         8       0       0       0       0       0       0       0       0       0       0       0       0       0       0       0       0
Total ram usage:        8 bytes
 Hardware stack levels used:    1
 Hardware stack levels required when called:    2
 This function calls:
		Nothing
 This function is called by:
		_strcat
 This function uses a non-reentrant model


 *************** function _UART_RxString *****************
 Defined at:
		line 122 in file "main.c"
 Parameters:    Size  Location     Type
  ptr_stringPo    2   13[COMRAM] PTR unsigned char 
		 -> main@morsetext(100), 
 Auto vars:     Size  Location     Type
  ch              1   15[COMRAM] unsigned char 
 Return value:  Size  Location     Type
                  1    wreg      void 
 Registers used:
		wreg, fsr0l, fsr0h, fsr2l, fsr2h, status,2, status,0, tblptrl, tblptrh, tblptru, cstack
 Tracked objects:
		On entry : 
		On exit  : 
		Unchanged: 
 Data sizes:     COMRAM   BANK0   BANK1   BANK2   BANK3   BANK4   BANK5   BANK6   BANK7   BANK8   BANK9  BANK10  BANK11  BANK12  BANK13  BANK14  BANK15
      Params:         2       0       0       0       0       0       0       0       0       0       0       0       0       0       0       0       0
      Locals:         1       0       0       0       0       0       0       0       0       0       0       0       0       0       0       0       0
      Temps:          0       0       0       0       0       0       0       0       0       0       0       0       0       0       0       0       0
      Totals:         3       0       0       0       0       0       0       0       0       0       0       0       0       0       0       0       0
Total ram usage:        3 bytes
 Hardware stack levels used:    1
 Hardware stack levels required when called:    4
 This function calls:
		_UART_RxChar
		_UART_TxChar
		_UART_TxString
 This function is called by:
		_main
 This function uses a non-reentrant model


 *************** function _UART_TxString *****************
 Defined at:
		line 107 in file "main.c"
 Parameters:    Size  Location     Type
  str             2    5[COMRAM] PTR unsigned char 
		 -> STR_40(3), STR_39(1), extractWord@portion(50), STR_37(3), 
		 -> STR_36(6), STR_35(6), STR_34(6), STR_33(6), 
		 -> STR_32(6), STR_31(6), STR_30(6), STR_29(6), 
		 -> STR_28(6), STR_27(6), STR_26(5), STR_25(5), 
		 -> STR_24(5), STR_23(4), STR_22(5), STR_21(4), 
		 -> STR_20(2), STR_19(4), STR_18(4), STR_17(5), 
		 -> STR_16(5), STR_15(4), STR_14(3), STR_13(3), 
		 -> STR_12(5), STR_11(4), STR_10(5), STR_9(3), 
		 -> STR_8(5), STR_7(4), STR_6(5), STR_5(2), 
		 -> STR_4(4), STR_3(5), STR_2(5), STR_1(3), 
  length          2    7[COMRAM] int 
 Auto vars:     Size  Location     Type
  i               2   11[COMRAM] int 
 Return value:  Size  Location     Type
                  1    wreg      void 
 Registers used:
		wreg, fsr0l, fsr0h, status,2, status,0, tblptrl, tblptrh, tblptru, cstack
 Tracked objects:
		On entry : 
		On exit  : 
		Unchanged: 
 Data sizes:     COMRAM   BANK0   BANK1   BANK2   BANK3   BANK4   BANK5   BANK6   BANK7   BANK8   BANK9  BANK10  BANK11  BANK12  BANK13  BANK14  BANK15
      Params:         4       0       0       0       0       0       0       0       0       0       0       0       0       0       0       0       0
      Locals:         2       0       0       0       0       0       0       0       0       0       0       0       0       0       0       0       0
      Temps:          2       0       0       0       0       0       0       0       0       0       0       0       0       0       0       0       0
      Totals:         8       0       0       0       0       0       0       0       0       0       0       0       0       0       0       0       0
Total ram usage:        8 bytes
 Hardware stack levels used:    1
 Hardware stack levels required when called:    3
 This function calls:
		_UART_TxChar
 This function is called by:
		_UART_RxString
		_main
 This function uses a non-reentrant model


 *************** function _UART_TxChar *****************
 Defined at:
		line 100 in file "main.c"
 Parameters:    Size  Location     Type
  ch              1    wreg     unsigned char 
 Auto vars:     Size  Location     Type
  ch              1    1[COMRAM] unsigned char 
 Return value:  Size  Location     Type
                  1    wreg      void 
 Registers used:
		wreg
 Tracked objects:
		On entry : 
		On exit  : 
		Unchanged: 
 Data sizes:     COMRAM   BANK0   BANK1   BANK2   BANK3   BANK4   BANK5   BANK6   BANK7   BANK8   BANK9  BANK10  BANK11  BANK12  BANK13  BANK14  BANK15
      Params:         0       0       0       0       0       0       0       0       0       0       0       0       0       0       0       0       0
      Locals:         1       0       0       0       0       0       0       0       0       0       0       0       0       0       0       0       0
      Temps:          0       0       0       0       0       0       0       0       0       0       0       0       0       0       0       0       0
      Totals:         1       0       0       0       0       0       0       0       0       0       0       0       0       0       0       0       0
Total ram usage:        1 bytes
 Hardware stack levels used:    1
 Hardware stack levels required when called:    2
 This function calls:
		Nothing
 This function is called by:
		_UART_TxString
		_UART_RxString
 This function uses a non-reentrant model


 *************** function _UART_RxChar *****************
 Defined at:
		line 115 in file "main.c"
 Parameters:    Size  Location     Type
		None
 Auto vars:     Size  Location     Type
		None
 Return value:  Size  Location     Type
                  1    wreg      unsigned char 
 Registers used:
		wreg, status,2
 Tracked objects:
		On entry : 
		On exit  : 
		Unchanged: 
 Data sizes:     COMRAM   BANK0   BANK1   BANK2   BANK3   BANK4   BANK5   BANK6   BANK7   BANK8   BANK9  BANK10  BANK11  BANK12  BANK13  BANK14  BANK15
      Params:         0       0       0       0       0       0       0       0       0       0       0       0       0       0       0       0       0
      Locals:         0       0       0       0       0       0       0       0       0       0       0       0       0       0       0       0       0
      Temps:          0       0       0       0       0       0       0       0       0       0       0       0       0       0       0       0       0
      Totals:         0       0       0       0       0       0       0       0       0       0       0       0       0       0       0       0       0
Total ram usage:        0 bytes
 Hardware stack levels used:    1
 Hardware stack levels required when called:    2
 This function calls:
		Nothing
 This function is called by:
		_UART_RxString
 This function uses a non-reentrant model


 *************** function _UART_Init *****************
 Defined at:
		line 83 in file "main.c"
 Parameters:    Size  Location     Type
  baudRate        2   14[COMRAM] int 
 Auto vars:     Size  Location     Type
		None
 Return value:  Size  Location     Type
                  1    wreg      void 
 Registers used:
		wreg, status,2, status,0, cstack
 Tracked objects:
		On entry : 
		On exit  : 
		Unchanged: 
 Data sizes:     COMRAM   BANK0   BANK1   BANK2   BANK3   BANK4   BANK5   BANK6   BANK7   BANK8   BANK9  BANK10  BANK11  BANK12  BANK13  BANK14  BANK15
      Params:         2       0       0       0       0       0       0       0       0       0       0       0       0       0       0       0       0
      Locals:         0       0       0       0       0       0       0       0       0       0       0       0       0       0       0       0       0
      Temps:          0       0       0       0       0       0       0       0       0       0       0       0       0       0       0       0       0
      Totals:         2       0       0       0       0       0       0       0       0       0       0       0       0       0       0       0       0
Total ram usage:        2 bytes
 Hardware stack levels used:    1
 Hardware stack levels required when called:    3
 This function calls:
		___lldiv
 This function is called by:
		_main
 This function uses a non-reentrant model


 *************** function ___lldiv *****************
 Defined at:
		line 7 in file "/Applications/microchip/xc8/v2.10/pic/sources/c99/common/__lldiv.c"
 Parameters:    Size  Location     Type
  dividend        4    1[COMRAM] unsigned long 
  divisor         4    5[COMRAM] unsigned long 
 Auto vars:     Size  Location     Type
  quotient        4    9[COMRAM] unsigned long 
  counter         1   13[COMRAM] unsigned char 
 Return value:  Size  Location     Type
                  4    1[COMRAM] unsigned long 
 Registers used:
		wreg, status,2, status,0
 Tracked objects:
		On entry : 
		On exit  : 
		Unchanged: 
 Data sizes:     COMRAM   BANK0   BANK1   BANK2   BANK3   BANK4   BANK5   BANK6   BANK7   BANK8   BANK9  BANK10  BANK11  BANK12  BANK13  BANK14  BANK15
      Params:         8       0       0       0       0       0       0       0       0       0       0       0       0       0       0       0       0
      Locals:         5       0       0       0       0       0       0       0       0       0       0       0       0       0       0       0       0
      Temps:          0       0       0       0       0       0       0       0       0       0       0       0       0       0       0       0       0
      Totals:        13       0       0       0       0       0       0       0       0       0       0       0       0       0       0       0       0
Total ram usage:       13 bytes
 Hardware stack levels used:    1
 Hardware stack levels required when called:    2
 This function calls:
		Nothing
 This function is called by:
		_UART_Init
 This function uses a non-reentrant model


 *************** function _ConfigureOscillator *****************
 Defined at:
		line 24 in file "system.c"
 Parameters:    Size  Location     Type
		None
 Auto vars:     Size  Location     Type
		None
 Return value:  Size  Location     Type
                  1    wreg      void 
 Registers used:
		wreg, status,2
 Tracked objects:
		On entry : 
		On exit  : 
		Unchanged: 
 Data sizes:     COMRAM   BANK0   BANK1   BANK2   BANK3   BANK4   BANK5   BANK6   BANK7   BANK8   BANK9  BANK10  BANK11  BANK12  BANK13  BANK14  BANK15
      Params:         0       0       0       0       0       0       0       0       0       0       0       0       0       0       0       0       0
      Locals:         0       0       0       0       0       0       0       0       0       0       0       0       0       0       0       0       0
      Temps:          0       0       0       0       0       0       0       0       0       0       0       0       0       0       0       0       0
      Totals:         0       0       0       0       0       0       0       0       0       0       0       0       0       0       0       0       0
Total ram usage:        0 bytes
 Hardware stack levels used:    1
 Hardware stack levels required when called:    2
 This function calls:
		Nothing
 This function is called by:
		_main
 This function uses a non-reentrant model


 *************** function _low_isr *****************
 Defined at:
		line 67 in file "interrupts.c"
 Parameters:    Size  Location     Type
		None
 Auto vars:     Size  Location     Type
		None
 Return value:  Size  Location     Type
                  1    wreg      void 
 Registers used:
		None
 Tracked objects:
		On entry : 
		On exit  : 
		Unchanged: 
 Data sizes:     COMRAM   BANK0   BANK1   BANK2   BANK3   BANK4   BANK5   BANK6   BANK7   BANK8   BANK9  BANK10  BANK11  BANK12  BANK13  BANK14  BANK15
      Params:         0       0       0       0       0       0       0       0       0       0       0       0       0       0       0       0       0
      Locals:         0       0       0       0       0       0       0       0       0       0       0       0       0       0       0       0       0
      Temps:          1       0       0       0       0       0       0       0       0       0       0       0       0       0       0       0       0
      Totals:         1       0       0       0       0       0       0       0       0       0       0       0       0       0       0       0       0
Total ram usage:        1 bytes
 Hardware stack levels used:    1
 Hardware stack levels required when called:    1
 This function calls:
		Nothing
 This function is called by:
		Interrupt level 1
 This function uses a non-reentrant model


 *************** function _high_isr *****************
 Defined at:
		line 27 in file "interrupts.c"
 Parameters:    Size  Location     Type
		None
 Auto vars:     Size  Location     Type
		None
 Return value:  Size  Location     Type
                  1    wreg      void 
 Registers used:
		None
 Tracked objects:
		On entry : 
		On exit  : 
		Unchanged: 
 Data sizes:     COMRAM   BANK0   BANK1   BANK2   BANK3   BANK4   BANK5   BANK6   BANK7   BANK8   BANK9  BANK10  BANK11  BANK12  BANK13  BANK14  BANK15
      Params:         0       0       0       0       0       0       0       0       0       0       0       0       0       0       0       0       0
      Locals:         0       0       0       0       0       0       0       0       0       0       0       0       0       0       0       0       0
      Temps:          0       0       0       0       0       0       0       0       0       0       0       0       0       0       0       0       0
      Totals:         0       0       0       0       0       0       0       0       0       0       0       0       0       0       0       0       0
Total ram usage:        0 bytes
 Hardware stack levels used:    1
 This function calls:
		Nothing
 This function is called by:
		Interrupt level 2
 This function uses a non-reentrant model



MODULE INFORMATION

Module		Function		Class		Link	Load	Size
/Applications/microchip/xc8/v2.10/pic/sources/c99/common/strcpy.c
		_strcpy        		CODE           	1852	0000	65

/Applications/microchip/xc8/v2.10/pic/sources/c99/common/strcpy.c estimated size: 65

/Applications/microchip/xc8/v2.10/pic/sources/c99/common/strncat.c
		_strncat       		CODE           	1658	0000	135

/Applications/microchip/xc8/v2.10/pic/sources/c99/common/strncat.c estimated size: 135

/Applications/microchip/xc8/v2.10/pic/sources/c99/common/islower.c
		_islower       		CODE           	1892	0000	57

/Applications/microchip/xc8/v2.10/pic/sources/c99/common/islower.c estimated size: 57

interrupts.c
		_high_isr      		CODE           	0008	0000	11
		_low_isr       		CODE           	0018	0000	15

interrupts.c estimated size: 26

/Applications/microchip/xc8/v2.10/pic/sources/c99/common/toupper.c
		_toupper       		CODE           	1748	0000	95

/Applications/microchip/xc8/v2.10/pic/sources/c99/common/toupper.c estimated size: 95

/Applications/microchip/xc8/v2.10/pic/sources/c99/common/__lldiv.c
		___lldiv       		CODE           	1474	0000	165

/Applications/microchip/xc8/v2.10/pic/sources/c99/common/__lldiv.c estimated size: 165

/Applications/microchip/xc8/v2.10/pic/sources/c99/common/Umul16.c
		___wmul        		CODE           	1926	0000	39

/Applications/microchip/xc8/v2.10/pic/sources/c99/common/Umul16.c estimated size: 39

shared
		_morse_dash_speed		SMALLCONST     	0000	0000	0
		__initialization		CODE           	18CA	0000	33
		_morse_dot_speed		SMALLCONST     	0000	0000	0

shared estimated size: 33

/Applications/microchip/xc8/v2.10/pic/sources/c99/common/strcat.c
		_strcat        		CODE           	18F8	0000	47

/Applications/microchip/xc8/v2.10/pic/sources/c99/common/strcat.c estimated size: 47

main.c
		_UART_TxString 		CODE           	13CC	0000	169
		_extractWord   		CODE           	17A6	0000	93
		_UART_Init     		CODE           	1518	0000	163
		_UART_RxChar   		CODE           	1964	0000	21
		_main          		CODE           	106C	0000	447
		_UART_RxString 		CODE           	16DE	0000	107
		_morseLED      		CODE           	122A	0000	245
		_getMorseCode  		CODE           	131E	0000	175
		_UART_TxChar   		CODE           	194C	0000	25

main.c estimated size: 1445

system.c
		_ConfigureOscillator		CODE           	1978	0000	11

system.c estimated size: 11

/Applications/microchip/xc8/v2.10/pic/sources/c99/common/strlen.c
		_strlen        		CODE           	1802	0000	81

/Applications/microchip/xc8/v2.10/pic/sources/c99/common/strlen.c estimated size: 81

